#separator \x09
#set_separator	,
#empty_field	(empty)
#unset_field	-
#path	telemetry
#open	2026-03-25-20-00-35
#fields	ts	peer	metric_type	name	labels	label_values	value
#types	time	string	string	string	vector[string]	vector[string]	double
1774486835.676992	zeek	counter	zeek_log_stream_writes_total	module,stream	LoadedScripts,LoadedScripts::LOG	509.0
1774486835.676992	zeek	counter	zeek_log_stream_writes_total	module,stream	PacketFilter,PacketFilter::LOG	1.0
1774486835.676992	zeek	counter	zeek_log_writer_writes_total	filter_name,module,path,stream,writer	default,LoadedScripts,loaded_scripts,LoadedScripts::LOG,Log::WRITER_ASCII	509.0
1774486835.676992	zeek	counter	zeek_log_writer_writes_total	filter_name,module,path,stream,writer	default,PacketFilter,packet_filter,PacketFilter::LOG,Log::WRITER_ASCII	1.0
1774486835.676992	zeek	counter	zeek_log_writer_discarded_writes_total	filter_name,module,path,stream,writer	default,LoadedScripts,loaded_scripts,LoadedScripts::LOG,Log::WRITER_ASCII	0.0
1774486835.676992	zeek	counter	zeek_log_writer_discarded_writes_total	filter_name,module,path,stream,writer	default,PacketFilter,packet_filter,PacketFilter::LOG,Log::WRITER_ASCII	0.0
1774486835.676992	zeek	counter	zeek_net_received_bytes_total	(empty)	(empty)	66.0
1774486835.676992	zeek	counter	zeek_net_received_packets_total	(empty)	(empty)	1.0
1774486835.676992	zeek	counter	zeek_net_dropped_packets_total	(empty)	(empty)	0.0
1774486835.676992	zeek	counter	zeek_net_link_packets_total	(empty)	(empty)	2.0
1774486835.676992	zeek	counter	zeek_event_handler_invocations_total	name	Broker::log_flush	1.0
1774486835.676992	zeek	counter	zeek_event_handler_invocations_total	name	filter_change_tracking	1.0
1774486835.676992	zeek	counter	zeek_event_handler_invocations_total	name	run_sync_hook	1.0
1774486835.676992	zeek	counter	zeek_event_handler_invocations_total	name	ChecksumOffloading::check	1.0
1774486835.676992	zeek	counter	zeek_event_handler_invocations_total	name	NetControl::init	1.0
1774486835.676992	zeek	counter	zeek_event_handler_invocations_total	name	zeek_script_loaded	509.0
1774486835.676992	zeek	counter	zeek_event_handler_invocations_total	name	Telemetry::log	1.0
1774486835.676992	zeek	counter	zeek_event_handler_invocations_total	name	grab_vulnerable_versions	1.0
1774486835.676992	zeek	counter	zeek_event_handler_invocations_total	name	zeek_init	1.0
1774486835.676992	zeek	counter	zeek_total_sessions_total	protocol	icmp	0.0
1774486835.676992	zeek	counter	zeek_total_sessions_total	protocol	udp	0.0
1774486835.676992	zeek	counter	zeek_total_sessions_total	protocol	tcp	1.0
1774486835.676992	zeek	gauge	zeek_version_info	beta,commit,debug,major,minor,patch,version_number,version_string	false,0,false,7,0,11,70011,7.0.11	1.0
1774486835.676992	zeek	gauge	zeek_net_packet_lag_seconds	(empty)	(empty)	0.009422
1774486835.676992	zeek	gauge	zeek_active_sessions	protocol	icmp	0.0
1774486835.676992	zeek	gauge	zeek_active_sessions	protocol	udp	0.0
1774486835.676992	zeek	gauge	zeek_active_sessions	protocol	tcp	1.0
1774486835.676992	zeek	gauge	process_resident_memory_bytes	(empty)	(empty)	0.0
1774486835.676992	zeek	gauge	process_virtual_memory_bytes	(empty)	(empty)	0.0
1774486835.676992	zeek	gauge	process_cpu_seconds	(empty)	(empty)	0.0
1774486835.676992	zeek	gauge	process_open_fds	(empty)	(empty)	0.0
1774486885.460388	zeek	counter	zeek_log_stream_writes_total	module,stream	CaptureLoss,CaptureLoss::LOG	1.0
1774486885.460388	zeek	counter	zeek_log_stream_writes_total	module,stream	Notice,Notice::LOG	1.0
1774486885.460388	zeek	counter	zeek_log_stream_writes_total	module,stream	Reporter,Reporter::LOG	3.0
1774486885.460388	zeek	counter	zeek_log_stream_writes_total	module,stream	Conn,Conn::LOG	1448.0
1774486885.460388	zeek	counter	zeek_log_stream_writes_total	module,stream	Weird,Weird::LOG	115.0
1774486885.460388	zeek	counter	zeek_log_stream_writes_total	module,stream	Stats,Stats::LOG	2.0
1774486885.460388	zeek	counter	zeek_log_stream_writes_total	module,stream	Telemetry,Telemetry::LOG	31.0
1774486885.460388	zeek	counter	zeek_log_stream_writes_total	module,stream	LoadedScripts,LoadedScripts::LOG	509.0
1774486885.460388	zeek	counter	zeek_log_stream_writes_total	module,stream	PacketFilter,PacketFilter::LOG	1.0
1774486885.460388	zeek	counter	zeek_log_writer_writes_total	filter_name,module,path,stream,writer	default,CaptureLoss,capture_loss,CaptureLoss::LOG,Log::WRITER_ASCII	1.0
1774486885.460388	zeek	counter	zeek_log_writer_writes_total	filter_name,module,path,stream,writer	default,Notice,notice,Notice::LOG,Log::WRITER_ASCII	1.0
1774486885.460388	zeek	counter	zeek_log_writer_writes_total	filter_name,module,path,stream,writer	default,Reporter,reporter,Reporter::LOG,Log::WRITER_ASCII	3.0
1774486885.460388	zeek	counter	zeek_log_writer_writes_total	filter_name,module,path,stream,writer	default,Conn,conn,Conn::LOG,Log::WRITER_ASCII	1448.0
1774486885.460388	zeek	counter	zeek_log_writer_writes_total	filter_name,module,path,stream,writer	default,Weird,weird,Weird::LOG,Log::WRITER_ASCII	115.0
1774486885.460388	zeek	counter	zeek_log_writer_writes_total	filter_name,module,path,stream,writer	default,Stats,stats,Stats::LOG,Log::WRITER_ASCII	2.0
1774486885.460388	zeek	counter	zeek_log_writer_writes_total	filter_name,module,path,stream,writer	default,Telemetry,telemetry,Telemetry::LOG,Log::WRITER_ASCII	31.0
1774486885.460388	zeek	counter	zeek_log_writer_writes_total	filter_name,module,path,stream,writer	default,LoadedScripts,loaded_scripts,LoadedScripts::LOG,Log::WRITER_ASCII	509.0
1774486885.460388	zeek	counter	zeek_log_writer_writes_total	filter_name,module,path,stream,writer	default,PacketFilter,packet_filter,PacketFilter::LOG,Log::WRITER_ASCII	1.0
1774486885.460388	zeek	counter	zeek_log_writer_discarded_writes_total	filter_name,module,path,stream,writer	default,CaptureLoss,capture_loss,CaptureLoss::LOG,Log::WRITER_ASCII	0.0
1774486885.460388	zeek	counter	zeek_log_writer_discarded_writes_total	filter_name,module,path,stream,writer	default,Notice,notice,Notice::LOG,Log::WRITER_ASCII	0.0
1774486885.460388	zeek	counter	zeek_log_writer_discarded_writes_total	filter_name,module,path,stream,writer	default,Reporter,reporter,Reporter::LOG,Log::WRITER_ASCII	0.0
1774486885.460388	zeek	counter	zeek_log_writer_discarded_writes_total	filter_name,module,path,stream,writer	default,Conn,conn,Conn::LOG,Log::WRITER_ASCII	0.0
1774486885.460388	zeek	counter	zeek_log_writer_discarded_writes_total	filter_name,module,path,stream,writer	default,Weird,weird,Weird::LOG,Log::WRITER_ASCII	0.0
1774486885.460388	zeek	counter	zeek_log_writer_discarded_writes_total	filter_name,module,path,stream,writer	default,Stats,stats,Stats::LOG,Log::WRITER_ASCII	0.0
1774486885.460388	zeek	counter	zeek_log_writer_discarded_writes_total	filter_name,module,path,stream,writer	default,Telemetry,telemetry,Telemetry::LOG,Log::WRITER_ASCII	0.0
1774486885.460388	zeek	counter	zeek_log_writer_discarded_writes_total	filter_name,module,path,stream,writer	default,LoadedScripts,loaded_scripts,LoadedScripts::LOG,Log::WRITER_ASCII	0.0
1774486885.460388	zeek	counter	zeek_log_writer_discarded_writes_total	filter_name,module,path,stream,writer	default,PacketFilter,packet_filter,PacketFilter::LOG,Log::WRITER_ASCII	0.0
1774486885.460388	zeek	counter	zeek_net_received_bytes_total	(empty)	(empty)	80095902.0
1774486885.460388	zeek	counter	zeek_net_received_packets_total	(empty)	(empty)	16011.0
1774486885.460388	zeek	counter	zeek_net_dropped_packets_total	(empty)	(empty)	0.0
1774486885.460388	zeek	counter	zeek_net_link_packets_total	(empty)	(empty)	32026.0
1774486885.460388	zeek	counter	zeek_event_handler_invocations_total	name	net_done	1.0
1774486885.460388	zeek	counter	zeek_event_handler_invocations_total	name	connection_state_remove	1448.0
1774486885.460388	zeek	counter	zeek_event_handler_invocations_total	name	reporter_warning	1.0
1774486885.460388	zeek	counter	zeek_event_handler_invocations_total	name	connection_reused	101.0
1774486885.460388	zeek	counter	zeek_event_handler_invocations_total	name	zeek_done	1.0
1774486885.460388	zeek	counter	zeek_event_handler_invocations_total	name	zeek_init	1.0
1774486885.460388	zeek	counter	zeek_event_handler_invocations_total	name	reporter_info	2.0
1774486885.460388	zeek	counter	zeek_event_handler_invocations_total	name	Telemetry::log	2.0
1774486885.460388	zeek	counter	zeek_event_handler_invocations_total	name	new_connection	1448.0
1774486885.460388	zeek	counter	zeek_event_handler_invocations_total	name	zeek_script_loaded	509.0
1774486885.460388	zeek	counter	zeek_event_handler_invocations_total	name	NetControl::init	1.0
1774486885.460388	zeek	counter	zeek_event_handler_invocations_total	name	ChecksumOffloading::check	2.0
1774486885.460388	zeek	counter	zeek_event_handler_invocations_total	name	grab_vulnerable_versions	3.0
1774486885.460388	zeek	counter	zeek_event_handler_invocations_total	name	run_sync_hook	6.0
1774486885.460388	zeek	counter	zeek_event_handler_invocations_total	name	filter_change_tracking	3.0
1774486885.460388	zeek	counter	zeek_event_handler_invocations_total	name	Broker::log_flush	51.0
1774486885.460388	zeek	counter	zeek_event_handler_invocations_total	name	conn_weird	10887.0
1774486885.460388	zeek	counter	zeek_event_handler_invocations_total	name	check_stats	2.0
1774486885.460388	zeek	counter	zeek_event_handler_invocations_total	name	CaptureLoss::take_measurement	2.0
1774486885.460388	zeek	counter	zeek_event_handler_invocations_total	name	net_stats_update	2.0
1774486885.460388	zeek	counter	zeek_event_handler_invocations_total	name	SumStats::finish_epoch	6.0
1774486885.460388	zeek	counter	zeek_total_sessions_total	protocol	icmp	0.0
1774486885.460388	zeek	counter	zeek_total_sessions_total	protocol	udp	9.0
1774486885.460388	zeek	counter	zeek_total_sessions_total	protocol	tcp	1439.0
1774486885.460388	zeek	gauge	zeek_version_info	beta,commit,debug,major,minor,patch,version_number,version_string	false,0,false,7,0,11,70011,7.0.11	1.0
1774486885.460388	zeek	gauge	zeek_net_packet_lag_seconds	(empty)	(empty)	0.004353
1774486885.460388	zeek	gauge	zeek_active_sessions	protocol	icmp	0.0
1774486885.460388	zeek	gauge	zeek_active_sessions	protocol	udp	1.0
1774486885.460388	zeek	gauge	zeek_active_sessions	protocol	tcp	135.0
1774486885.460388	zeek	gauge	process_resident_memory_bytes	(empty)	(empty)	0.0
1774486885.460388	zeek	gauge	process_virtual_memory_bytes	(empty)	(empty)	0.0
1774486885.460388	zeek	gauge	process_cpu_seconds	(empty)	(empty)	0.0
1774486885.460388	zeek	gauge	process_open_fds	(empty)	(empty)	0.0
#close	2026-03-25-20-01-25
