WINDOW_FIRE 0 1775567861.5832837
WINDOW_FIRE 1 1775567866.0027988
WINDOW_FIRE 2 1775567870.923289
WINDOW_FIRE 3 1775567875.4048827
WINDOW_FIRE 4 1775567879.959211
WINDOW_FIRE 5 1775567884.3852277
WINDOW_FIRE 6 1775567889.3863368
WINDOW_FIRE 7 1775567893.916912
WINDOW_FIRE 8 1775567898.883338
WINDOW_FIRE 9 1775567903.329603
WINDOW_FIRE 10 1775567907.829866
WINDOW_FIRE 11 1775567912.290841
WINDOW_FIRE 12 1775567917.262671
WINDOW_FIRE 13 1775567921.7248845
WINDOW_FIRE 14 1775567926.16436
WINDOW_FIRE 15 1775567930.6871161
WINDOW_FIRE 16 1775567935.6790676
WINDOW_FIRE 17 1775567940.0727353
WINDOW_FIRE 18 1775567945.1067188
WINDOW_FIRE 19 1775567949.6441405
WINDOW_FIRE 20 1775567954.1051233
WINDOW_FIRE 21 1775567959.1059866
WINDOW_FIRE 22 1775567963.628896
WINDOW_FIRE 23 1775567968.0875838
WINDOW_FIRE 24 1775567972.573946
WINDOW_FIRE 25 1775567977.5692062
WINDOW_FIRE 26 1775567982.0114589
WINDOW_FIRE 27 1775567987.0742962
WINDOW_FIRE 28 1775567991.529021
WINDOW_FIRE 29 1775567996.0866942
WINDOW_FIRE 30 1775568001.0881479
