#separator \x09
#set_separator	,
#empty_field	(empty)
#unset_field	-
#path	telemetry
#open	2026-03-26-15-22-53
#fields	ts	peer	metric_type	name	labels	label_values	value
#types	time	string	string	string	vector[string]	vector[string]	double
1774556573.711499	zeek	counter	process_cpu_user_seconds_total	(empty)	(empty)	0.26
1774556573.711499	zeek	counter	process_cpu_system_seconds_total	(empty)	(empty)	0.12
1774556573.711499	zeek	gauge	process_resident_memory_bytes	(empty)	(empty)	269471744.0
1774556573.711499	zeek	gauge	process_virtual_memory_bytes	(empty)	(empty)	1075687424.0
1774556573.711499	zeek	gauge	process_open_fds	(empty)	(empty)	29.0
1774556573.711499	zeek	gauge	process_start_time_seconds	(empty)	(empty)	1774556572.048193
1774556573.711499	zeek	counter	zeek_log_stream_writes_total	module,stream	LoadedScripts,LoadedScripts::LOG	534.0
1774556573.711499	zeek	counter	zeek_log_stream_writes_total	module,stream	PacketFilter,PacketFilter::LOG	1.0
1774556573.711499	zeek	counter	zeek_log_writer_writes_total	filter_name,module,path,stream,writer	default,LoadedScripts,loaded_scripts,LoadedScripts::LOG,Log::WRITER_ASCII	534.0
1774556573.711499	zeek	counter	zeek_log_writer_writes_total	filter_name,module,path,stream,writer	default,PacketFilter,packet_filter,PacketFilter::LOG,Log::WRITER_ASCII	1.0
1774556573.711499	zeek	counter	zeek_log_writer_discarded_writes_total	filter_name,module,path,stream,writer	default,LoadedScripts,loaded_scripts,LoadedScripts::LOG,Log::WRITER_ASCII	0.0
1774556573.711499	zeek	counter	zeek_log_writer_discarded_writes_total	filter_name,module,path,stream,writer	default,PacketFilter,packet_filter,PacketFilter::LOG,Log::WRITER_ASCII	0.0
1774556573.711499	zeek	counter	zeek_log_writer_truncated_string_fields_total	filter_name,module,path,stream,writer	default,LoadedScripts,loaded_scripts,LoadedScripts::LOG,Log::WRITER_ASCII	0.0
1774556573.711499	zeek	counter	zeek_log_writer_truncated_string_fields_total	filter_name,module,path,stream,writer	default,PacketFilter,packet_filter,PacketFilter::LOG,Log::WRITER_ASCII	0.0
1774556573.711499	zeek	counter	zeek_log_writer_truncated_containers_total	filter_name,module,path,stream,writer	default,LoadedScripts,loaded_scripts,LoadedScripts::LOG,Log::WRITER_ASCII	0.0
1774556573.711499	zeek	counter	zeek_log_writer_truncated_containers_total	filter_name,module,path,stream,writer	default,PacketFilter,packet_filter,PacketFilter::LOG,Log::WRITER_ASCII	0.0
1774556573.711499	zeek	counter	zeek_net_received_bytes_total	(empty)	(empty)	0.0
1774556573.711499	zeek	counter	zeek_net_received_packets_total	(empty)	(empty)	0.0
1774556573.711499	zeek	counter	zeek_net_dropped_packets_total	(empty)	(empty)	0.0
1774556573.711499	zeek	counter	zeek_net_link_packets_total	(empty)	(empty)	0.0
1774556573.711499	zeek	counter	zeek_msgthread_threads_total	(empty)	(empty)	2.0
1774556573.711499	zeek	counter	zeek_msgthread_in_messages_total	(empty)	(empty)	6.0
1774556573.711499	zeek	counter	zeek_msgthread_out_messages_total	(empty)	(empty)	0.0
1774556573.711499	zeek	counter	zeek_cluster_core_outgoing_events_total	(empty)	(empty)	0.0
1774556573.711499	zeek	counter	zeek_cluster_core_incoming_events_total	(empty)	(empty)	0.0
1774556573.711499	zeek	counter	zeek_broker_incoming_events_total	(empty)	(empty)	0.0
1774556573.711499	zeek	counter	zeek_broker_outgoing_events_total	(empty)	(empty)	0.0
1774556573.711499	zeek	counter	zeek_broker_incoming_logs_total	(empty)	(empty)	0.0
1774556573.711499	zeek	counter	zeek_broker_outgoing_logs_total	(empty)	(empty)	0.0
1774556573.711499	zeek	counter	zeek_broker_incoming_ids_total	(empty)	(empty)	0.0
1774556573.711499	zeek	counter	zeek_broker_outgoing_ids_total	(empty)	(empty)	0.0
1774556573.711499	zeek	counter	zeek_timers_total	(empty)	(empty)	124.0
1774556573.711499	zeek	counter	zeek_dnsmgr_requests_total	(empty)	(empty)	0.0
1774556573.711499	zeek	counter	zeek_dnsmgr_successful_requests_total	(empty)	(empty)	0.0
1774556573.711499	zeek	counter	zeek_dnsmgr_failed_requests_total	(empty)	(empty)	0.0
1774556573.711499	zeek	counter	zeek_triggers_total	(empty)	(empty)	0.0
1774556573.711499	zeek	counter	zeek_ended_sessions_total	reason	inactivity	0.0
1774556573.711499	zeek	counter	zeek_event_handler_invocations_total	name	Broker::log_flush	1.0
1774556573.711499	zeek	counter	zeek_event_handler_invocations_total	name	filter_change_tracking	1.0
1774556573.711499	zeek	counter	zeek_event_handler_invocations_total	name	ChecksumOffloading::check	1.0
1774556573.711499	zeek	counter	zeek_event_handler_invocations_total	name	NetControl::init	1.0
1774556573.711499	zeek	counter	zeek_event_handler_invocations_total	name	zeek_script_loaded	534.0
1774556573.711499	zeek	counter	zeek_event_handler_invocations_total	name	Telemetry::log	1.0
1774556573.711499	zeek	counter	zeek_event_handler_invocations_total	name	grab_vulnerable_versions	1.0
1774556573.711499	zeek	counter	zeek_event_handler_invocations_total	name	zeek_init	1.0
1774556573.711499	zeek	counter	zeek_total_sessions_total	protocol	icmp	0.0
1774556573.711499	zeek	counter	zeek_total_sessions_total	protocol	udp	0.0
1774556573.711499	zeek	counter	zeek_total_sessions_total	protocol	tcp	0.0
1774556573.711499	zeek	gauge	zeek_version_info	beta,commit,debug,major,minor,patch,version_number,version_string	false,570,false,8,1,0,80100,8.1.0-dev.570	1.0
1774556573.711499	zeek	gauge	zeek_net_packet_lag_seconds	(empty)	(empty)	0.001002
1774556573.711499	zeek	gauge	zeek_net_timestamp_seconds	(empty)	(empty)	1774556573.711499
1774556573.711499	zeek	gauge	zeek_msgthread_active_threads	(empty)	(empty)	2.0
1774556573.711499	zeek	gauge	zeek_msgthread_pending_in_messages	(empty)	(empty)	0.0
1774556573.711499	zeek	gauge	zeek_msgthread_pending_out_messages	(empty)	(empty)	0.0
1774556573.711499	zeek	gauge	zeek_msgthread_pending_messages_in_buckets	le	10000	2.0
1774556573.711499	zeek	gauge	zeek_msgthread_pending_messages_in_buckets	le	inf	2.0
1774556573.711499	zeek	gauge	zeek_msgthread_pending_messages_in_buckets	le	1000	2.0
1774556573.711499	zeek	gauge	zeek_msgthread_pending_messages_in_buckets	le	100	2.0
1774556573.711499	zeek	gauge	zeek_msgthread_pending_messages_in_buckets	le	10	2.0
1774556573.711499	zeek	gauge	zeek_msgthread_pending_messages_in_buckets	le	1	2.0
1774556573.711499	zeek	gauge	zeek_msgthread_pending_messages_out_buckets	le	10000	2.0
1774556573.711499	zeek	gauge	zeek_msgthread_pending_messages_out_buckets	le	inf	2.0
1774556573.711499	zeek	gauge	zeek_msgthread_pending_messages_out_buckets	le	1000	2.0
1774556573.711499	zeek	gauge	zeek_msgthread_pending_messages_out_buckets	le	100	2.0
1774556573.711499	zeek	gauge	zeek_msgthread_pending_messages_out_buckets	le	10	2.0
1774556573.711499	zeek	gauge	zeek_msgthread_pending_messages_out_buckets	le	1	2.0
1774556573.711499	zeek	gauge	zeek_broker_peers	(empty)	(empty)	0.0
1774556573.711499	zeek	gauge	zeek_broker_stores	(empty)	(empty)	1.0
1774556573.711499	zeek	gauge	zeek_broker_pending_queries	(empty)	(empty)	0.0
1774556573.711499	zeek	gauge	zeek_timers_lag_time_seconds	(empty)	(empty)	1774552973.711499
1774556573.711499	zeek	gauge	zeek_timers_pending	type	LogDelayExpire	0.0
1774556573.711499	zeek	gauge	zeek_timers_pending	type	ThreadHeartbeat	1.0
1774556573.711499	zeek	gauge	zeek_timers_pending	type	TimerMgrExpireTimer	0.0
1774556573.711499	zeek	gauge	zeek_timers_pending	type	ParentProcessIDCheck	0.0
1774556573.711499	zeek	gauge	zeek_timers_pending	type	FragTimer	0.0
1774556573.711499	zeek	gauge	zeek_timers_pending	type	RotateTimer	0.0
1774556573.711499	zeek	gauge	zeek_timers_pending	type	FlowWeirdTimer	0.0
1774556573.711499	zeek	gauge	zeek_timers_pending	type	FileAnalysisInactivityTimer	0.0
1774556573.711499	zeek	gauge	zeek_timers_pending	type	StorageExpire	1.0
1774556573.711499	zeek	gauge	zeek_timers_pending	type	ConnectionInactivityTimer	0.0
1774556573.711499	zeek	gauge	zeek_timers_pending	type	TCPConnectionExpireTimer	0.0
1774556573.711499	zeek	gauge	zeek_timers_pending	type	ConnectionStatusUpdateTimer	0.0
1774556573.711499	zeek	gauge	zeek_timers_pending	type	LogFlushWriteBufferTimer	1.0
1774556573.711499	zeek	gauge	zeek_timers_pending	type	NetWeirdTimer	0.0
1774556573.711499	zeek	gauge	zeek_timers_pending	type	InterconnTimer	0.0
1774556573.711499	zeek	gauge	zeek_timers_pending	type	IPTunnelInactivityTimer	0.0
1774556573.711499	zeek	gauge	zeek_timers_pending	type	DNSExpireTimer	0.0
1774556573.711499	zeek	gauge	zeek_timers_pending	type	UnknownProtocolExpire	0.0
1774556573.711499	zeek	gauge	zeek_timers_pending	type	ProfileTimer	0.0
1774556573.711499	zeek	gauge	zeek_timers_pending	type	ConnectionExpireTimer	0.0
1774556573.711499	zeek	gauge	zeek_timers_pending	type	BreakpointTimer	0.0
1774556573.711499	zeek	gauge	zeek_timers_pending	type	BackdoorTimer	0.0
1774556573.711499	zeek	gauge	zeek_timers_pending	type	NetbiosExpireTimer	0.0
1774556573.711499	zeek	gauge	zeek_timers_pending	type	NetworkTimer	0.0
1774556573.711499	zeek	gauge	zeek_timers_pending	type	RemoveConnection	0.0
1774556573.711499	zeek	gauge	zeek_timers_pending	type	TCPConnectionResetTimer	0.0
1774556573.711499	zeek	gauge	zeek_timers_pending	type	ConnTupleWeirdTimer	0.0
1774556573.711499	zeek	gauge	zeek_timers_pending	type	TCPConnectionDeleteTimer	0.0
1774556573.711499	zeek	gauge	zeek_timers_pending	type	ScheduleTimer	2.0
1774556573.711499	zeek	gauge	zeek_timers_pending	type	NTPExpireTimer	0.0
1774556573.711499	zeek	gauge	zeek_timers_pending	type	RPCExpireTimer	0.0
1774556573.711499	zeek	gauge	zeek_timers_pending	type	ConnectionDeleteTimer	0.0
1774556573.711499	zeek	gauge	zeek_timers_pending	type	TriggerTimer	0.0
1774556573.711499	zeek	gauge	zeek_timers_pending	type	TableValTimer	34.0
1774556573.711499	zeek	gauge	zeek_timers_pending	type	TCPConnectionAttemptTimer	0.0
1774556573.711499	zeek	gauge	zeek_timers_pending	type	TCPConnectionPartialClose	0.0
1774556573.711499	zeek	gauge	zeek_dnsmgr_pending_asyncs_requests	(empty)	(empty)	0.0
1774556573.711499	zeek	gauge	zeek_dnsmgr_cache_entries	type	text	0.0
1774556573.711499	zeek	gauge	zeek_dnsmgr_cache_entries	type	address	0.0
1774556573.711499	zeek	gauge	zeek_dnsmgr_cache_entries	type	host	0.0
1774556573.711499	zeek	gauge	zeek_pending_triggers	(empty)	(empty)	0.0
1774556573.711499	zeek	gauge	zeek_active_sessions	protocol	icmp	0.0
1774556573.711499	zeek	gauge	zeek_active_sessions	protocol	udp	0.0
1774556573.711499	zeek	gauge	zeek_active_sessions	protocol	tcp	0.0
1774556578.708097	zeek	counter	process_cpu_user_seconds_total	(empty)	(empty)	0.28
1774556578.708097	zeek	counter	process_cpu_system_seconds_total	(empty)	(empty)	0.12
1774556578.708097	zeek	gauge	process_resident_memory_bytes	(empty)	(empty)	271892480.0
1774556578.708097	zeek	gauge	process_virtual_memory_bytes	(empty)	(empty)	1402871808.0
1774556578.708097	zeek	gauge	process_open_fds	(empty)	(empty)	46.0
1774556578.708097	zeek	gauge	process_start_time_seconds	(empty)	(empty)	1774556572.048193
1774556578.708097	zeek	counter	zeek_log_stream_writes_total	module,stream	Conn,Conn::LOG	2.0
1774556578.708097	zeek	counter	zeek_log_stream_writes_total	module,stream	CaptureLoss,CaptureLoss::LOG	1.0
1774556578.708097	zeek	counter	zeek_log_stream_writes_total	module,stream	Notice,Notice::LOG	1.0
1774556578.708097	zeek	counter	zeek_log_stream_writes_total	module,stream	Reporter,Reporter::LOG	3.0
1774556578.708097	zeek	counter	zeek_log_stream_writes_total	module,stream	Weird,Weird::LOG	1.0
1774556578.708097	zeek	counter	zeek_log_stream_writes_total	module,stream	Stats,Stats::LOG	2.0
1774556578.708097	zeek	counter	zeek_log_stream_writes_total	module,stream	Telemetry,Telemetry::LOG	114.0
1774556578.708097	zeek	counter	zeek_log_stream_writes_total	module,stream	LoadedScripts,LoadedScripts::LOG	534.0
1774556578.708097	zeek	counter	zeek_log_stream_writes_total	module,stream	PacketFilter,PacketFilter::LOG	1.0
1774556578.708097	zeek	counter	zeek_log_writer_writes_total	filter_name,module,path,stream,writer	default,Conn,conn,Conn::LOG,Log::WRITER_ASCII	2.0
1774556578.708097	zeek	counter	zeek_log_writer_writes_total	filter_name,module,path,stream,writer	default,CaptureLoss,capture_loss,CaptureLoss::LOG,Log::WRITER_ASCII	1.0
1774556578.708097	zeek	counter	zeek_log_writer_writes_total	filter_name,module,path,stream,writer	default,Notice,notice,Notice::LOG,Log::WRITER_ASCII	1.0
1774556578.708097	zeek	counter	zeek_log_writer_writes_total	filter_name,module,path,stream,writer	default,Reporter,reporter,Reporter::LOG,Log::WRITER_ASCII	3.0
1774556578.708097	zeek	counter	zeek_log_writer_writes_total	filter_name,module,path,stream,writer	default,Weird,weird,Weird::LOG,Log::WRITER_ASCII	1.0
1774556578.708097	zeek	counter	zeek_log_writer_writes_total	filter_name,module,path,stream,writer	default,Stats,stats,Stats::LOG,Log::WRITER_ASCII	2.0
1774556578.708097	zeek	counter	zeek_log_writer_writes_total	filter_name,module,path,stream,writer	default,Telemetry,telemetry,Telemetry::LOG,Log::WRITER_ASCII	114.0
1774556578.708097	zeek	counter	zeek_log_writer_writes_total	filter_name,module,path,stream,writer	default,LoadedScripts,loaded_scripts,LoadedScripts::LOG,Log::WRITER_ASCII	534.0
1774556578.708097	zeek	counter	zeek_log_writer_writes_total	filter_name,module,path,stream,writer	default,PacketFilter,packet_filter,PacketFilter::LOG,Log::WRITER_ASCII	1.0
1774556578.708097	zeek	counter	zeek_log_writer_discarded_writes_total	filter_name,module,path,stream,writer	default,Conn,conn,Conn::LOG,Log::WRITER_ASCII	0.0
1774556578.708097	zeek	counter	zeek_log_writer_discarded_writes_total	filter_name,module,path,stream,writer	default,CaptureLoss,capture_loss,CaptureLoss::LOG,Log::WRITER_ASCII	0.0
1774556578.708097	zeek	counter	zeek_log_writer_discarded_writes_total	filter_name,module,path,stream,writer	default,Notice,notice,Notice::LOG,Log::WRITER_ASCII	0.0
1774556578.708097	zeek	counter	zeek_log_writer_discarded_writes_total	filter_name,module,path,stream,writer	default,Reporter,reporter,Reporter::LOG,Log::WRITER_ASCII	0.0
1774556578.708097	zeek	counter	zeek_log_writer_discarded_writes_total	filter_name,module,path,stream,writer	default,Weird,weird,Weird::LOG,Log::WRITER_ASCII	0.0
1774556578.708097	zeek	counter	zeek_log_writer_discarded_writes_total	filter_name,module,path,stream,writer	default,Stats,stats,Stats::LOG,Log::WRITER_ASCII	0.0
1774556578.708097	zeek	counter	zeek_log_writer_discarded_writes_total	filter_name,module,path,stream,writer	default,Telemetry,telemetry,Telemetry::LOG,Log::WRITER_ASCII	0.0
1774556578.708097	zeek	counter	zeek_log_writer_discarded_writes_total	filter_name,module,path,stream,writer	default,LoadedScripts,loaded_scripts,LoadedScripts::LOG,Log::WRITER_ASCII	0.0
1774556578.708097	zeek	counter	zeek_log_writer_discarded_writes_total	filter_name,module,path,stream,writer	default,PacketFilter,packet_filter,PacketFilter::LOG,Log::WRITER_ASCII	0.0
1774556578.708097	zeek	counter	zeek_log_writer_truncated_string_fields_total	filter_name,module,path,stream,writer	default,Conn,conn,Conn::LOG,Log::WRITER_ASCII	0.0
1774556578.708097	zeek	counter	zeek_log_writer_truncated_string_fields_total	filter_name,module,path,stream,writer	default,CaptureLoss,capture_loss,CaptureLoss::LOG,Log::WRITER_ASCII	0.0
1774556578.708097	zeek	counter	zeek_log_writer_truncated_string_fields_total	filter_name,module,path,stream,writer	default,Notice,notice,Notice::LOG,Log::WRITER_ASCII	0.0
1774556578.708097	zeek	counter	zeek_log_writer_truncated_string_fields_total	filter_name,module,path,stream,writer	default,Reporter,reporter,Reporter::LOG,Log::WRITER_ASCII	0.0
1774556578.708097	zeek	counter	zeek_log_writer_truncated_string_fields_total	filter_name,module,path,stream,writer	default,Weird,weird,Weird::LOG,Log::WRITER_ASCII	0.0
1774556578.708097	zeek	counter	zeek_log_writer_truncated_string_fields_total	filter_name,module,path,stream,writer	default,Stats,stats,Stats::LOG,Log::WRITER_ASCII	0.0
1774556578.708097	zeek	counter	zeek_log_writer_truncated_string_fields_total	filter_name,module,path,stream,writer	default,Telemetry,telemetry,Telemetry::LOG,Log::WRITER_ASCII	0.0
1774556578.708097	zeek	counter	zeek_log_writer_truncated_string_fields_total	filter_name,module,path,stream,writer	default,LoadedScripts,loaded_scripts,LoadedScripts::LOG,Log::WRITER_ASCII	0.0
1774556578.708097	zeek	counter	zeek_log_writer_truncated_string_fields_total	filter_name,module,path,stream,writer	default,PacketFilter,packet_filter,PacketFilter::LOG,Log::WRITER_ASCII	0.0
1774556578.708097	zeek	counter	zeek_log_writer_truncated_containers_total	filter_name,module,path,stream,writer	default,Conn,conn,Conn::LOG,Log::WRITER_ASCII	0.0
1774556578.708097	zeek	counter	zeek_log_writer_truncated_containers_total	filter_name,module,path,stream,writer	default,CaptureLoss,capture_loss,CaptureLoss::LOG,Log::WRITER_ASCII	0.0
1774556578.708097	zeek	counter	zeek_log_writer_truncated_containers_total	filter_name,module,path,stream,writer	default,Notice,notice,Notice::LOG,Log::WRITER_ASCII	0.0
1774556578.708097	zeek	counter	zeek_log_writer_truncated_containers_total	filter_name,module,path,stream,writer	default,Reporter,reporter,Reporter::LOG,Log::WRITER_ASCII	0.0
1774556578.708097	zeek	counter	zeek_log_writer_truncated_containers_total	filter_name,module,path,stream,writer	default,Weird,weird,Weird::LOG,Log::WRITER_ASCII	0.0
1774556578.708097	zeek	counter	zeek_log_writer_truncated_containers_total	filter_name,module,path,stream,writer	default,Stats,stats,Stats::LOG,Log::WRITER_ASCII	0.0
1774556578.708097	zeek	counter	zeek_log_writer_truncated_containers_total	filter_name,module,path,stream,writer	default,Telemetry,telemetry,Telemetry::LOG,Log::WRITER_ASCII	0.0
1774556578.708097	zeek	counter	zeek_log_writer_truncated_containers_total	filter_name,module,path,stream,writer	default,LoadedScripts,loaded_scripts,LoadedScripts::LOG,Log::WRITER_ASCII	0.0
1774556578.708097	zeek	counter	zeek_log_writer_truncated_containers_total	filter_name,module,path,stream,writer	default,PacketFilter,packet_filter,PacketFilter::LOG,Log::WRITER_ASCII	0.0
1774556578.708097	zeek	counter	zeek_net_received_bytes_total	(empty)	(empty)	1524.0
1774556578.708097	zeek	counter	zeek_net_received_packets_total	(empty)	(empty)	14.0
1774556578.708097	zeek	counter	zeek_net_dropped_packets_total	(empty)	(empty)	0.0
1774556578.708097	zeek	counter	zeek_net_link_packets_total	(empty)	(empty)	28.0
1774556578.708097	zeek	counter	zeek_msgthread_threads_total	(empty)	(empty)	9.0
1774556578.708097	zeek	counter	zeek_msgthread_in_messages_total	(empty)	(empty)	42.0
1774556578.708097	zeek	counter	zeek_msgthread_out_messages_total	(empty)	(empty)	0.0
1774556578.708097	zeek	counter	zeek_cluster_core_outgoing_events_total	(empty)	(empty)	0.0
1774556578.708097	zeek	counter	zeek_cluster_core_incoming_events_total	(empty)	(empty)	0.0
1774556578.708097	zeek	counter	zeek_broker_incoming_events_total	(empty)	(empty)	0.0
1774556578.708097	zeek	counter	zeek_broker_outgoing_events_total	(empty)	(empty)	0.0
1774556578.708097	zeek	counter	zeek_broker_incoming_logs_total	(empty)	(empty)	0.0
1774556578.708097	zeek	counter	zeek_broker_outgoing_logs_total	(empty)	(empty)	0.0
1774556578.708097	zeek	counter	zeek_broker_incoming_ids_total	(empty)	(empty)	0.0
1774556578.708097	zeek	counter	zeek_broker_outgoing_ids_total	(empty)	(empty)	0.0
1774556578.708097	zeek	counter	zeek_timers_total	(empty)	(empty)	146.0
1774556578.708097	zeek	counter	zeek_dnsmgr_requests_total	(empty)	(empty)	0.0
1774556578.708097	zeek	counter	zeek_dnsmgr_successful_requests_total	(empty)	(empty)	0.0
1774556578.708097	zeek	counter	zeek_dnsmgr_failed_requests_total	(empty)	(empty)	0.0
1774556578.708097	zeek	counter	zeek_triggers_total	(empty)	(empty)	0.0
1774556578.708097	zeek	counter	zeek_ended_sessions_total	reason	inactivity	0.0
1774556578.708097	zeek	counter	zeek_event_handler_invocations_total	name	connection_state_remove	2.0
1774556578.708097	zeek	counter	zeek_event_handler_invocations_total	name	reporter_warning	1.0
1774556578.708097	zeek	counter	zeek_event_handler_invocations_total	name	net_done	1.0
1774556578.708097	zeek	counter	zeek_event_handler_invocations_total	name	zeek_done	1.0
1774556578.708097	zeek	counter	zeek_event_handler_invocations_total	name	zeek_init	1.0
1774556578.708097	zeek	counter	zeek_event_handler_invocations_total	name	reporter_info	2.0
1774556578.708097	zeek	counter	zeek_event_handler_invocations_total	name	Telemetry::log	2.0
1774556578.708097	zeek	counter	zeek_event_handler_invocations_total	name	NetControl::init	1.0
1774556578.708097	zeek	counter	zeek_event_handler_invocations_total	name	ChecksumOffloading::check	2.0
1774556578.708097	zeek	counter	zeek_event_handler_invocations_total	name	grab_vulnerable_versions	3.0
1774556578.708097	zeek	counter	zeek_event_handler_invocations_total	name	filter_change_tracking	3.0
1774556578.708097	zeek	counter	zeek_event_handler_invocations_total	name	Broker::log_flush	6.0
1774556578.708097	zeek	counter	zeek_event_handler_invocations_total	name	zeek_script_loaded	534.0
1774556578.708097	zeek	counter	zeek_event_handler_invocations_total	name	new_connection	2.0
1774556578.708097	zeek	counter	zeek_event_handler_invocations_total	name	conn_weird	14.0
1774556578.708097	zeek	counter	zeek_event_handler_invocations_total	name	check_stats	2.0
1774556578.708097	zeek	counter	zeek_event_handler_invocations_total	name	CaptureLoss::take_measurement	2.0
1774556578.708097	zeek	counter	zeek_event_handler_invocations_total	name	net_stats_update	2.0
1774556578.708097	zeek	counter	zeek_event_handler_invocations_total	name	SumStats::finish_epoch	3.0
1774556578.708097	zeek	counter	zeek_total_sessions_total	protocol	icmp	0.0
1774556578.708097	zeek	counter	zeek_total_sessions_total	protocol	udp	0.0
1774556578.708097	zeek	counter	zeek_total_sessions_total	protocol	tcp	2.0
1774556578.708097	zeek	gauge	zeek_version_info	beta,commit,debug,major,minor,patch,version_number,version_string	false,570,false,8,1,0,80100,8.1.0-dev.570	1.0
1774556578.708097	zeek	gauge	zeek_net_packet_lag_seconds	(empty)	(empty)	0.002448
1774556578.708097	zeek	gauge	zeek_net_timestamp_seconds	(empty)	(empty)	1774556578.708097
1774556578.708097	zeek	gauge	zeek_msgthread_active_threads	(empty)	(empty)	9.0
1774556578.708097	zeek	gauge	zeek_msgthread_pending_in_messages	(empty)	(empty)	6.0
1774556578.708097	zeek	gauge	zeek_msgthread_pending_out_messages	(empty)	(empty)	0.0
1774556578.708097	zeek	gauge	zeek_msgthread_pending_messages_in_buckets	le	10000	9.0
1774556578.708097	zeek	gauge	zeek_msgthread_pending_messages_in_buckets	le	inf	9.0
1774556578.708097	zeek	gauge	zeek_msgthread_pending_messages_in_buckets	le	1000	9.0
1774556578.708097	zeek	gauge	zeek_msgthread_pending_messages_in_buckets	le	100	9.0
1774556578.708097	zeek	gauge	zeek_msgthread_pending_messages_in_buckets	le	10	9.0
1774556578.708097	zeek	gauge	zeek_msgthread_pending_messages_in_buckets	le	1	7.0
1774556578.708097	zeek	gauge	zeek_msgthread_pending_messages_out_buckets	le	10000	9.0
1774556578.708097	zeek	gauge	zeek_msgthread_pending_messages_out_buckets	le	inf	9.0
1774556578.708097	zeek	gauge	zeek_msgthread_pending_messages_out_buckets	le	1000	9.0
1774556578.708097	zeek	gauge	zeek_msgthread_pending_messages_out_buckets	le	100	9.0
1774556578.708097	zeek	gauge	zeek_msgthread_pending_messages_out_buckets	le	10	9.0
1774556578.708097	zeek	gauge	zeek_msgthread_pending_messages_out_buckets	le	1	9.0
1774556578.708097	zeek	gauge	zeek_broker_peers	(empty)	(empty)	0.0
1774556578.708097	zeek	gauge	zeek_broker_stores	(empty)	(empty)	1.0
1774556578.708097	zeek	gauge	zeek_broker_pending_queries	(empty)	(empty)	0.0
1774556578.708097	zeek	gauge	zeek_timers_lag_time_seconds	(empty)	(empty)	1774556578.708097
1774556578.708097	zeek	gauge	zeek_timers_pending	type	LogDelayExpire	0.0
1774556578.708097	zeek	gauge	zeek_timers_pending	type	ThreadHeartbeat	0.0
1774556578.708097	zeek	gauge	zeek_timers_pending	type	TimerMgrExpireTimer	0.0
1774556578.708097	zeek	gauge	zeek_timers_pending	type	ParentProcessIDCheck	0.0
1774556578.708097	zeek	gauge	zeek_timers_pending	type	FragTimer	0.0
1774556578.708097	zeek	gauge	zeek_timers_pending	type	RotateTimer	0.0
1774556578.708097	zeek	gauge	zeek_timers_pending	type	FlowWeirdTimer	0.0
1774556578.708097	zeek	gauge	zeek_timers_pending	type	FileAnalysisInactivityTimer	0.0
1774556578.708097	zeek	gauge	zeek_timers_pending	type	StorageExpire	0.0
1774556578.708097	zeek	gauge	zeek_timers_pending	type	ConnectionInactivityTimer	0.0
1774556578.708097	zeek	gauge	zeek_timers_pending	type	TCPConnectionExpireTimer	0.0
1774556578.708097	zeek	gauge	zeek_timers_pending	type	ConnectionStatusUpdateTimer	0.0
1774556578.708097	zeek	gauge	zeek_timers_pending	type	LogFlushWriteBufferTimer	0.0
1774556578.708097	zeek	gauge	zeek_timers_pending	type	NetWeirdTimer	0.0
1774556578.708097	zeek	gauge	zeek_timers_pending	type	InterconnTimer	0.0
1774556578.708097	zeek	gauge	zeek_timers_pending	type	IPTunnelInactivityTimer	0.0
1774556578.708097	zeek	gauge	zeek_timers_pending	type	DNSExpireTimer	0.0
1774556578.708097	zeek	gauge	zeek_timers_pending	type	UnknownProtocolExpire	0.0
1774556578.708097	zeek	gauge	zeek_timers_pending	type	ProfileTimer	0.0
1774556578.708097	zeek	gauge	zeek_timers_pending	type	ConnectionExpireTimer	0.0
1774556578.708097	zeek	gauge	zeek_timers_pending	type	BreakpointTimer	0.0
1774556578.708097	zeek	gauge	zeek_timers_pending	type	BackdoorTimer	0.0
1774556578.708097	zeek	gauge	zeek_timers_pending	type	NetbiosExpireTimer	0.0
1774556578.708097	zeek	gauge	zeek_timers_pending	type	NetworkTimer	0.0
1774556578.708097	zeek	gauge	zeek_timers_pending	type	RemoveConnection	0.0
1774556578.708097	zeek	gauge	zeek_timers_pending	type	TCPConnectionResetTimer	0.0
1774556578.708097	zeek	gauge	zeek_timers_pending	type	ConnTupleWeirdTimer	0.0
1774556578.708097	zeek	gauge	zeek_timers_pending	type	TCPConnectionDeleteTimer	0.0
1774556578.708097	zeek	gauge	zeek_timers_pending	type	ScheduleTimer	0.0
1774556578.708097	zeek	gauge	zeek_timers_pending	type	NTPExpireTimer	0.0
1774556578.708097	zeek	gauge	zeek_timers_pending	type	RPCExpireTimer	0.0
1774556578.708097	zeek	gauge	zeek_timers_pending	type	ConnectionDeleteTimer	0.0
1774556578.708097	zeek	gauge	zeek_timers_pending	type	TriggerTimer	0.0
1774556578.708097	zeek	gauge	zeek_timers_pending	type	TableValTimer	0.0
1774556578.708097	zeek	gauge	zeek_timers_pending	type	TCPConnectionAttemptTimer	0.0
1774556578.708097	zeek	gauge	zeek_timers_pending	type	TCPConnectionPartialClose	0.0
1774556578.708097	zeek	gauge	zeek_dnsmgr_pending_asyncs_requests	(empty)	(empty)	0.0
1774556578.708097	zeek	gauge	zeek_dnsmgr_cache_entries	type	text	0.0
1774556578.708097	zeek	gauge	zeek_dnsmgr_cache_entries	type	address	0.0
1774556578.708097	zeek	gauge	zeek_dnsmgr_cache_entries	type	host	0.0
1774556578.708097	zeek	gauge	zeek_pending_triggers	(empty)	(empty)	0.0
1774556578.708097	zeek	gauge	zeek_active_sessions	protocol	icmp	0.0
1774556578.708097	zeek	gauge	zeek_active_sessions	protocol	udp	0.0
1774556578.708097	zeek	gauge	zeek_active_sessions	protocol	tcp	2.0
#close	2026-03-26-15-22-58
