WINDOW_FIRE 0 1775569766.3209834
WINDOW_FIRE 1 1775569770.7031376
WINDOW_FIRE 2 1775569775.1727602
WINDOW_FIRE 3 1775569779.6313238
WINDOW_FIRE 4 1775569784.0676403
WINDOW_FIRE 5 1775569788.508668
WINDOW_FIRE 6 1775569793.464506
WINDOW_FIRE 7 1775569797.9289682
WINDOW_FIRE 8 1775569802.4202185
WINDOW_FIRE 9 1775569807.3667183
WINDOW_FIRE 10 1775569811.834997
WINDOW_FIRE 11 1775569816.2904391
WINDOW_FIRE 12 1775569820.7186446
WINDOW_FIRE 13 1775569825.1553771
WINDOW_FIRE 14 1775569829.6115787
WINDOW_FIRE 15 1775569834.6100996
WINDOW_FIRE 16 1775569839.0283003
WINDOW_FIRE 17 1775569843.463994
WINDOW_FIRE 18 1775569847.9354506
WINDOW_FIRE 19 1775569852.87204
WINDOW_FIRE 20 1775569857.3039577
WINDOW_FIRE 21 1775569861.8330493
WINDOW_FIRE 22 1775569866.2964883
WINDOW_FIRE 23 1775569870.8151774
WINDOW_FIRE 24 1775569875.2571065
WINDOW_FIRE 25 1775569879.6946445
WINDOW_FIRE 26 1775569884.1786833
WINDOW_FIRE 27 1775569889.2508216
WINDOW_FIRE 28 1775569893.706226
WINDOW_FIRE 29 1775569898.1831942
WINDOW_FIRE 30 1775569903.1303422
WINDOW_FIRE 31 1775569907.6157784
WINDOW_FIRE 32 1775569912.045265
WINDOW_FIRE 33 1775569916.4746041
WINDOW_FIRE 34 1775569921.4775229
WINDOW_FIRE 35 1775569925.91458
WINDOW_FIRE 36 1775569930.3588424
WINDOW_FIRE 37 1775569935.3699565
WINDOW_FIRE 38 1775569940.3712208
WINDOW_FIRE 39 1775569944.8184917
WINDOW_FIRE 40 1775569949.2342637
WINDOW_FIRE 41 1775569954.2384434
WINDOW_FIRE 42 1775569958.7288158
WINDOW_FIRE 43 1775569963.1905024
WINDOW_FIRE 44 1775569968.194827
WINDOW_FIRE 45 1775569972.6393359
WINDOW_FIRE 46 1775569977.1401608
WINDOW_FIRE 47 1775569982.069102
WINDOW_FIRE 48 1775569986.475608
WINDOW_FIRE 49 1775569990.9065952
WINDOW_FIRE 50 1775569995.3465767
WINDOW_FIRE 51 1775569999.7911906
WINDOW_FIRE 52 1775570004.8088388
WINDOW_FIRE 53 1775570009.2241836
WINDOW_FIRE 54 1775570013.6310337
WINDOW_FIRE 55 1775570018.074693
WINDOW_FIRE 56 1775570023.0376663
WINDOW_FIRE 57 1775570027.4765835
WINDOW_FIRE 58 1775570031.970043
WINDOW_FIRE 59 1775570036.3589127
